// Jest Snapshot v1, https://goo.gl/fbAQLP

exports[`post page client side rendering - snapshot test 1`] = `
<div
  style={
    Object {
      "border": "1px solid #DDD",
      "margin": 20,
      "padding": 20,
    }
  }
>
  <div
    className="Header"
  >
    <nav>
      <a
        href="/"
        onClick={[Function]}
      >
        Home
      </a>
      <a
        href="/about"
        onClick={[Function]}
      >
        About
      </a>
      <div
        className="lang-switcher-ph"
      >
        <select
          defaultValue="en"
          onChange={[Function]}
        >
          <option
            value="fr"
          >
            French
          </option>
          <option
            value="en"
          >
            English
          </option>
        </select>
      </div>
    </nav>
  </div>
  <div
    className="Show"
  >
    <div>
      Loading...
    </div>
  </div>
</div>
`;

exports[`post page server side rendering - snapshot test 1`] = `
<div
  style={
    Object {
      "border": "1px solid #DDD",
      "margin": 20,
      "padding": 20,
    }
  }
>
  <div
    className="Header"
  >
    <nav>
      <a
        href="/"
        onClick={[Function]}
      >
        Home
      </a>
      <a
        href="/about"
        onClick={[Function]}
      >
        About
      </a>
      <div
        className="lang-switcher-ph"
      >
        <select
          defaultValue="en"
          onChange={[Function]}
        >
          <option
            value="fr"
          >
            French
          </option>
          <option
            value="en"
          >
            English
          </option>
        </select>
      </div>
    </nav>
  </div>
  <div
    className="Show"
  >
    <div>
      Loading...
    </div>
  </div>
</div>
`;
